[    0.000000] Linux version 4.15.0-171-generic (buildd@ubuntu) (gcc version 7.5.0 (Ubuntu 7.5.0-3ubuntu1~18.04)) #180-Ubuntu SMP Wed Mar 2 17:25:05 UTC 2022 (Ubuntu 4.15.0-171.180-generic 4.15.18)
[    0.000000] Command line: BOOT_IMAGE=/boot/vmlinuz-4.15.0-171-generic root=LABEL=cloudimg-rootfs ro console=tty1 console=ttyS0
[    0.000000] KERNEL supported cpus:
[    0.000000]   Intel GenuineIntel
[    0.000000]   AMD AuthenticAMD
[    0.000000]   Centaur CentaurHauls
[    0.000000] x86/fpu: Supporting XSAVE feature 0x001: 'x87 floating point registers'
[    0.000000] x86/fpu: Supporting XSAVE feature 0x002: 'SSE registers'
[    0.000000] x86/fpu: Supporting XSAVE feature 0x004: 'AVX registers'
[    0.000000] x86/fpu: xstate_offset[2]:  576, xstate_sizes[2]:  256
[    0.000000] x86/fpu: Enabled xstate features 0x7, context size is 832 bytes, using 'standard' format.
[    0.000000] e820: BIOS-provided physical RAM map:
[    0.000000] BIOS-e820: [mem 0x0000000000000000-0x000000000009fbff] usable
[    0.000000] BIOS-e820: [mem 0x000000000009fc00-0x000000000009ffff] reserved
[    0.000000] BIOS-e820: [mem 0x00000000000f0000-0x00000000000fffff] reserved
[    0.000000] BIOS-e820: [mem 0x0000000000100000-0x000000003ffeffff] usable
[    0.000000] BIOS-e820: [mem 0x000000003fff0000-0x000000003fffffff] ACPI data
[    0.000000] BIOS-e820: [mem 0x00000000fec00000-0x00000000fec00fff] reserved
[    0.000000] BIOS-e820: [mem 0x00000000fee00000-0x00000000fee00fff] reserved
[    0.000000] BIOS-e820: [mem 0x00000000fffc0000-0x00000000ffffffff] reserved
[    0.000000] NX (Execute Disable) protection: active
[    0.000000] SMBIOS 2.5 present.
[    0.000000] DMI: innotek GmbH VirtualBox/VirtualBox, BIOS VirtualBox 12/01/2006
[    0.000000] Hypervisor detected: KVM
[    0.000000] e820: last_pfn = 0x3fff0 max_arch_pfn = 0x400000000
[    0.000000] MTRR: Disabled
[    0.000000] x86/PAT: MTRRs disabled, skipping PAT initialization too.
[    0.000000] CPU MTRRs all blank - virtualized system.
[    0.000000] x86/PAT: Configuration [0-7]: WB  WT  UC- UC  WB  WT  UC- UC  
[    0.000000] found SMP MP-table at [mem 0x0009fff0-0x0009ffff]
[    0.000000] Scanning 1 areas for low memory corruption
[    0.000000] RAMDISK: [mem 0x359c7000-0x36cdafff]
[    0.000000] ACPI: Early table checksum verification disabled
[    0.000000] ACPI: RSDP 0x00000000000E0000 000024 (v02 VBOX  )
[    0.000000] ACPI: XSDT 0x000000003FFF0030 00003C (v01 VBOX   VBOXXSDT 00000001 ASL  00000061)
[    0.000000] ACPI: FACP 0x000000003FFF00F0 0000F4 (v04 VBOX   VBOXFACP 00000001 ASL  00000061)
[    0.000000] ACPI: DSDT 0x000000003FFF0470 0022EA (v02 VBOX   VBOXBIOS 00000002 INTL 20100528)
[    0.000000] ACPI: FACS 0x000000003FFF0200 000040
[    0.000000] ACPI: FACS 0x000000003FFF0200 000040
[    0.000000] ACPI: APIC 0x000000003FFF0240 00005C (v02 VBOX   VBOXAPIC 00000001 ASL  00000061)
[    0.000000] ACPI: SSDT 0x000000003FFF02A0 0001CC (v01 VBOX   VBOXCPUT 00000002 INTL 20100528)
[    0.000000] ACPI: Reserving FACP table memory at [mem 0x3fff00f0-0x3fff01e3]
[    0.000000] ACPI: Reserving DSDT table memory at [mem 0x3fff0470-0x3fff2759]
[    0.000000] ACPI: Reserving FACS table memory at [mem 0x3fff0200-0x3fff023f]
[    0.000000] ACPI: Reserving FACS table memory at [mem 0x3fff0200-0x3fff023f]
[    0.000000] ACPI: Reserving APIC table memory at [mem 0x3fff0240-0x3fff029b]
[    0.000000] ACPI: Reserving SSDT table memory at [mem 0x3fff02a0-0x3fff046b]
[    0.000000] No NUMA configuration found
[    0.000000] Faking a node at [mem 0x0000000000000000-0x000000003ffeffff]
[    0.000000] NODE_DATA(0) allocated [mem 0x3ffc5000-0x3ffeffff]
[    0.000000] kvm-clock: cpu 0, msr 0:3ff44001, primary cpu clock
[    0.000000] kvm-clock: Using msrs 4b564d01 and 4b564d00
[    0.000000] kvm-clock: using sched offset of 4578461319 cycles
[    0.000000] clocksource: kvm-clock: mask: 0xffffffffffffffff max_cycles: 0x1cd42e4dffb, max_idle_ns: 881590591483 ns
[    0.000000] Zone ranges:
[    0.000000]   DMA      [mem 0x0000000000001000-0x0000000000ffffff]
[    0.000000]   DMA32    [mem 0x0000000001000000-0x000000003ffeffff]
[    0.000000]   Normal   empty
[    0.000000]   Device   empty
[    0.000000] Movable zone start for each node
[    0.000000] Early memory node ranges
[    0.000000]   node   0: [mem 0x0000000000001000-0x000000000009efff]
[    0.000000]   node   0: [mem 0x0000000000100000-0x000000003ffeffff]
[    0.000000] Reserved but unavailable: 104 pages
[    0.000000] Initmem setup node 0 [mem 0x0000000000001000-0x000000003ffeffff]
[    0.000000] ACPI: PM-Timer IO Port: 0x4008
[    0.000000] IOAPIC[0]: apic_id 2, version 32, address 0xfec00000, GSI 0-23
[    0.000000] ACPI: INT_SRC_OVR (bus 0 bus_irq 0 global_irq 2 dfl dfl)
[    0.000000] ACPI: INT_SRC_OVR (bus 0 bus_irq 9 global_irq 9 low level)
[    0.000000] Using ACPI (MADT) for SMP configuration information
[    0.000000] smpboot: Allowing 2 CPUs, 0 hotplug CPUs
[    0.000000] PM: Registered nosave memory: [mem 0x00000000-0x00000fff]
[    0.000000] PM: Registered nosave memory: [mem 0x0009f000-0x0009ffff]
[    0.000000] PM: Registered nosave memory: [mem 0x000a0000-0x000effff]
[    0.000000] PM: Registered nosave memory: [mem 0x000f0000-0x000fffff]
[    0.000000] e820: [mem 0x40000000-0xfebfffff] available for PCI devices
[    0.000000] Booting paravirtualized kernel on KVM
[    0.000000] clocksource: refined-jiffies: mask: 0xffffffff max_cycles: 0xffffffff, max_idle_ns: 7645519600211568 ns
[    0.000000] random: get_random_bytes called from start_kernel+0x99/0x500 with crng_init=0
[    0.000000] setup_percpu: NR_CPUS:8192 nr_cpumask_bits:2 nr_cpu_ids:2 nr_node_ids:1
[    0.000000] percpu: Embedded 50 pages/cpu s167936 r8192 d28672 u1048576
[    0.000000] PV qspinlock hash table entries: 256 (order: 0, 4096 bytes)
[    0.000000] Built 1 zonelists, mobility grouping on.  Total pages: 257913
[    0.000000] Policy zone: DMA32
[    0.000000] Kernel command line: BOOT_IMAGE=/boot/vmlinuz-4.15.0-171-generic root=LABEL=cloudimg-rootfs ro console=tty1 console=ttyS0
[    0.000000] Memory: 982632K/1048120K available (12300K kernel code, 2483K rwdata, 4324K rodata, 2476K init, 2724K bss, 65488K reserved, 0K cma-reserved)
[    0.000000] SLUB: HWalign=64, Order=0-3, MinObjects=0, CPUs=2, Nodes=1
[    0.000000] Kernel/User page tables isolation: enabled
[    0.000000] ftrace: allocating 39503 entries in 155 pages
[    0.004000] Hierarchical RCU implementation.
[    0.004000] 	RCU restricting CPUs from NR_CPUS=8192 to nr_cpu_ids=2.
[    0.004000] 	Tasks RCU enabled.
[    0.004000] RCU: Adjusting geometry for rcu_fanout_leaf=16, nr_cpu_ids=2
[    0.004000] NR_IRQS: 524544, nr_irqs: 440, preallocated irqs: 16
[    0.004000] Console: colour VGA+ 80x25
[    0.004000] console [tty1] enabled
[    0.004000] console [ttyS0] enabled
[    0.004000] ACPI: Core revision 20170831
[    0.004000] ACPI: 2 ACPI AML tables successfully acquired and loaded
[    0.004000] APIC: Switch to symmetric I/O mode setup
[    0.005083] x2apic enabled
[    0.008023] Switched APIC routing to physical x2apic.
[    0.016000] ..TIMER: vector=0x30 apic1=0 pin1=2 apic2=-1 pin2=-1
[    0.016008] tsc: Detected 2400.000 MHz processor
[    0.020038] Calibrating delay loop (skipped) preset value.. 4800.00 BogoMIPS (lpj=9600000)
[    0.024011] pid_max: default: 32768 minimum: 301
[    0.028108] Security Framework initialized
[    0.032010] Yama: becoming mindful.
[    0.036069] AppArmor: AppArmor initialized
[    0.044164] Dentry cache hash table entries: 131072 (order: 8, 1048576 bytes)
[    0.048164] Inode-cache hash table entries: 65536 (order: 7, 524288 bytes)
[    0.052038] Mount-cache hash table entries: 2048 (order: 2, 16384 bytes)
[    0.056023] Mountpoint-cache hash table entries: 2048 (order: 2, 16384 bytes)
[    0.059348] Last level iTLB entries: 4KB 64, 2MB 8, 4MB 8
[    0.060007] Last level dTLB entries: 4KB 64, 2MB 0, 4MB 0, 1GB 4
[    0.062028] Spectre V1 : Mitigation: usercopy/swapgs barriers and __user pointer sanitization
[    0.064004] Spectre V2 : Mitigation: Retpolines
[    0.068003] Spectre V2 : Spectre v2 / SpectreRSB mitigation: Filling RSB on context switch
[    0.070671] Speculative Store Bypass: Vulnerable
[    0.072074] SRBDS: Unknown: Dependent on hypervisor status
[    0.073848] MDS: Vulnerable: Clear CPU buffers attempted, no microcode
[    0.076296] Freeing SMP alternatives memory: 36K
[    0.190726] smpboot: CPU0: Intel(R) Core(TM) i5-6200U CPU @ 2.30GHz (family: 0x6, model: 0x4e, stepping: 0x3)
[    0.192148] Performance Events: unsupported p6 CPU model 78 no PMU driver, software events only.
[    0.195022] Hierarchical SRCU implementation.
[    0.197068] NMI watchdog: Perf event create on CPU 0 failed with -2
[    0.199561] NMI watchdog: Perf NMI watchdog permanently disabled
[    0.200122] smp: Bringing up secondary CPUs ...
[    0.204195] x86: Booting SMP configuration:
[    0.205853] .... node  #0, CPUs:      #1
[    0.004000] kvm-clock: cpu 1, msr 0:3ff44041, secondary cpu clock
[    0.212044] smp: Brought up 1 node, 2 CPUs
[    0.213656] smpboot: Max logical packages: 1
[    0.216011] smpboot: Total of 2 processors activated (9600.00 BogoMIPS)
[    0.218205] devtmpfs: initialized
[    0.220117] x86/mm: Memory block size: 128MB
[    0.222132] evm: security.selinux
[    0.223532] evm: security.SMACK64
[    0.224008] evm: security.SMACK64EXEC
[    0.225296] evm: security.SMACK64TRANSMUTE
[    0.226676] evm: security.SMACK64MMAP
[    0.228005] evm: security.apparmor
[    0.229277] evm: security.ima
[    0.230331] evm: security.capability
[    0.232148] clocksource: jiffies: mask: 0xffffffff max_cycles: 0xffffffff, max_idle_ns: 7645041785100000 ns
[    0.236014] futex hash table entries: 512 (order: 3, 32768 bytes)
[    0.238207] pinctrl core: initialized pinctrl subsystem
[    0.240181] RTC time: 22:13:40, date: 04/21/22
[    0.244259] NET: Registered protocol family 16
[    0.248246] audit: initializing netlink subsys (disabled)
[    0.250075] audit: type=2000 audit(1650579226.285:1): state=initialized audit_enabled=0 res=1
[    0.252026] cpuidle: using governor ladder
[    0.253489] cpuidle: using governor menu
[    0.256086] ACPI: bus type PCI registered
[    0.257636] acpiphp: ACPI Hot Plug PCI Controller Driver version: 0.5
[    0.260156] PCI: Using configuration type 1 for base access
[    0.264302] HugeTLB registered 2.00 MiB page size, pre-allocated 0 pages
[    0.266165] ACPI: Added _OSI(Module Device)
[    0.268009] ACPI: Added _OSI(Processor Device)
[    0.269435] ACPI: Added _OSI(3.0 _SCP Extensions)
[    0.272005] ACPI: Added _OSI(Processor Aggregator Device)
[    0.273899] ACPI: Added _OSI(Linux-Dell-Video)
[    0.275417] ACPI: Added _OSI(Linux-Lenovo-NV-HDMI-Audio)
[    0.276015] ACPI: Added _OSI(Linux-HPI-Hybrid-Graphics)
[    0.280190] ACPI: Executed 1 blocks of module-level executable AML code
[    0.290533] ACPI: Interpreter enabled
[    0.291924] ACPI: (supports S0 S5)
[    0.292005] ACPI: Using IOAPIC for interrupt routing
[    0.294295] PCI: Using host bridge windows from ACPI; if necessary, use "pci=nocrs" and report a bug
[    0.296312] ACPI: Enabled 2 GPEs in block 00 to 07
[    0.314637] ACPI: PCI Root Bridge [PCI0] (domain 0000 [bus 00-ff])
[    0.316011] acpi PNP0A03:00: _OSC: OS supports [ASPM ClockPM Segments MSI]
[    0.320372] acpi PNP0A03:00: _OSC: not requesting OS control; OS requires [ExtendedConfig ASPM ClockPM MSI]
[    0.323751] acpi PNP0A03:00: fail to add MMCONFIG information, can't access extended PCI configuration space under this bridge.
[    0.328095] PCI host bridge to bus 0000:00
[    0.329480] pci_bus 0000:00: root bus resource [io  0x0000-0x0cf7 window]
[    0.331688] pci_bus 0000:00: root bus resource [io  0x0d00-0xffff window]
[    0.332006] pci_bus 0000:00: root bus resource [mem 0x000a0000-0x000bffff window]
[    0.336008] pci_bus 0000:00: root bus resource [mem 0x40000000-0xfdffffff window]
[    0.340009] pci_bus 0000:00: root bus resource [bus 00-ff]
[    0.348122] pci 0000:00:01.1: legacy IDE quirk: reg 0x10: [io  0x01f0-0x01f7]
[    0.350496] pci 0000:00:01.1: legacy IDE quirk: reg 0x14: [io  0x03f6]
[    0.352000] pci 0000:00:01.1: legacy IDE quirk: reg 0x18: [io  0x0170-0x0177]
[    0.352005] pci 0000:00:01.1: legacy IDE quirk: reg 0x1c: [io  0x0376]
[    0.383547] pci 0000:00:07.0: quirk: [io  0x4000-0x403f] claimed by PIIX4 ACPI
[    0.384025] pci 0000:00:07.0: quirk: [io  0x4100-0x410f] claimed by PIIX4 SMB
[    0.406020] ACPI: PCI Interrupt Link [LNKA] (IRQs 5 9 10 *11)
[    0.408904] ACPI: PCI Interrupt Link [LNKB] (IRQs 5 9 *10 11)
[    0.410940] ACPI: PCI Interrupt Link [LNKC] (IRQs 5 *9 10 11)
[    0.412210] ACPI: PCI Interrupt Link [LNKD] (IRQs 5 9 10 *11)
[    0.416681] SCSI subsystem initialized
[    0.418018] pci 0000:00:02.0: vgaarb: setting as boot VGA device
[    0.418097] pci 0000:00:02.0: vgaarb: VGA device added: decodes=io+mem,owns=io+mem,locks=none
[    0.420024] pci 0000:00:02.0: vgaarb: bridge control possible
[    0.424004] vgaarb: loaded
[    0.425103] ACPI: bus type USB registered
[    0.426484] usbcore: registered new interface driver usbfs
[    0.428017] usbcore: registered new interface driver hub
[    0.429801] usbcore: registered new device driver usb
[    0.432075] EDAC MC: Ver: 3.0.0
[    0.433598] PCI: Using ACPI for IRQ routing
[    0.436486] NetLabel: Initializing
[    0.437742] NetLabel:  domain hash size = 128
[    0.439315] NetLabel:  protocols = UNLABELED CIPSOv4 CALIPSO
[    0.440030] NetLabel:  unlabeled traffic allowed by default
[    0.444121] clocksource: Switched to clocksource kvm-clock
[    0.479034] VFS: Disk quotas dquot_6.6.0
[    0.480629] VFS: Dquot-cache hash table entries: 512 (order 0, 4096 bytes)
[    0.482950] AppArmor: AppArmor Filesystem Enabled
[    0.484531] pnp: PnP ACPI init
[    0.487436] pnp: PnP ACPI: found 3 devices
[    0.504750] clocksource: acpi_pm: mask: 0xffffff max_cycles: 0xffffff, max_idle_ns: 2085701024 ns
[    0.507800] NET: Registered protocol family 2
[    0.509508] IP idents hash table entries: 16384 (order: 5, 131072 bytes)
[    0.518335] TCP established hash table entries: 8192 (order: 4, 65536 bytes)
[    0.520756] TCP bind hash table entries: 8192 (order: 5, 131072 bytes)
[    0.523132] TCP: Hash tables configured (established 8192 bind 8192)
[    0.525329] UDP hash table entries: 512 (order: 2, 16384 bytes)
[    0.527213] UDP-Lite hash table entries: 512 (order: 2, 16384 bytes)
[    0.529373] NET: Registered protocol family 1
[    0.530859] pci 0000:00:00.0: Limiting direct PCI/PCI transfers
[    0.532807] pci 0000:00:01.0: Activating ISA DMA hang workarounds
[    0.534798] pci 0000:00:02.0: Video device with shadowed ROM at [mem 0x000c0000-0x000dffff]
[    0.537714] Unpacking initramfs...
[    1.234551] Freeing initrd memory: 19536K
[    1.236602] clocksource: tsc: mask: 0xffffffffffffffff max_cycles: 0x22983777dd9, max_idle_ns: 440795300422 ns
[    1.240748] platform rtc_cmos: registered platform RTC device (no PNP device found)
[    1.244010] Scanning for low memory corruption every 60 seconds
[    1.247252] Initialise system trusted keyrings
[    1.248958] Key type blacklist registered
[    1.250661] workingset: timestamp_bits=36 max_order=18 bucket_order=0
[    1.254603] zbud: loaded
[    1.257106] squashfs: version 4.0 (2009/01/31) Phillip Lougher
[    1.259722] fuse init (API version 7.26)
[    1.266408] Key type asymmetric registered
[    1.267810] Asymmetric key parser 'x509' registered
[    1.269623] Block layer SCSI generic (bsg) driver version 0.4 loaded (major 246)
[    1.272080] io scheduler noop registered
[    1.273935] io scheduler deadline registered
[    1.275510] io scheduler cfq registered (default)
[    1.277973] ACPI: AC Adapter [AC] (off-line)
[    1.279984] input: Power Button as /devices/LNXSYSTM:00/LNXPWRBN:00/input/input0
[    1.282291] ACPI: Power Button [PWRF]
[    1.284186] input: Sleep Button as /devices/LNXSYSTM:00/LNXSLPBN:00/input/input1
[    1.286938] ACPI: Sleep Button [SLPF]
[    1.290516] ACPI: Battery Slot [BAT0] (battery present)
[    1.292149] Serial: 8250/16550 driver, 32 ports, IRQ sharing enabled
 	
 !"#$%&'()*+,-./0123456789:;<=>?@ABCDEFGHIJKLMNOPQRSTUVWXYZ[\]^_`abcdefghijklmnopqrstuvwxyz{|}~€‚ƒ„…†‡ˆ‰Š‹ŒŽ‘’“”•–—˜™š›œžŸ ¡¢£¤¥¦§¨©ª«¬­®¯°±²³´µ¶·¸¹º»¼½¾¿ÀÁÂÃÄÅÆÇÈÉÊËÌÍÎÏÐÑÒÓÔÕÖ×ØÙÚÛÜÝÞßàáâãäåæçèéêëìíîïðñòóôõö÷øùúûüýþÿ[    1.318721] 00:02: ttyS0 at I/O 0x3f8 (irq = 4, base_baud = 115200) is a 16550A
[    1.324390] Linux agpgart interface v0.103
[    1.328150] loop: module loaded
[    1.330219] scsi host0: ata_piix
[    1.331593] scsi host1: ata_piix
[    1.332915] ata1: PATA max UDMA/33 cmd 0x1f0 ctl 0x3f6 bmdma 0xd000 irq 14
[    1.335781] ata2: PATA max UDMA/33 cmd 0x170 ctl 0x376 bmdma 0xd008 irq 15
[    1.338488] libphy: Fixed MDIO Bus: probed
[    1.339992] tun: Universal TUN/TAP device driver, 1.6
[    1.341954] PPP generic driver version 2.4.2
[    1.343501] ehci_hcd: USB 2.0 'Enhanced' Host Controller (EHCI) Driver
[    1.345755] ehci-pci: EHCI PCI platform driver
[    1.347397] ehci-platform: EHCI generic platform driver
[    1.349339] ohci_hcd: USB 1.1 'Open' Host Controller (OHCI) Driver
[    1.351397] ohci-pci: OHCI PCI platform driver
[    1.353004] ohci-platform: OHCI generic platform driver
[    1.355019] uhci_hcd: USB Universal Host Controller Interface driver
[    1.356920] i8042: PNP: PS/2 Controller [PNP0303:PS2K,PNP0f03:PS2M] at 0x60,0x64 irq 1,12
[    1.360523] serio: i8042 KBD port at 0x60,0x64 irq 1
[    1.362380] serio: i8042 AUX port at 0x60,0x64 irq 12
[    1.364722] mousedev: PS/2 mouse device common for all mice
[    1.367550] input: AT Translated Set 2 keyboard as /devices/platform/i8042/serio0/input/input2
[    1.370717] rtc_cmos rtc_cmos: rtc core: registered rtc_cmos as rtc0
[    1.373546] rtc_cmos rtc_cmos: alarms up to one day, 114 bytes nvram
[    1.376591] i2c /dev entries driver
[    1.378052] device-mapper: uevent: version 1.0.3
[    1.380295] device-mapper: ioctl: 4.37.0-ioctl (2017-09-20) initialised: dm-devel@redhat.com
[    1.383964] ledtrig-cpu: registered to indicate activity on CPUs
[    1.387497] NET: Registered protocol family 10
[    1.395556] Segment Routing with IPv6
[    1.396843] NET: Registered protocol family 17
[    1.398194] Key type dns_resolver registered
[    1.399951] mce: Using 0 MCE banks
[    1.401240] RAS: Correctable Errors collector initialized.
[    1.403509] sched_clock: Marking stable (1401167257, 0)->(1977873995, -576706738)
[    1.407677] registered taskstats version 1
[    1.409280] Loading compiled-in X.509 certificates
[    1.414591] Loaded X.509 cert 'Build time autogenerated kernel key: af32452646252a8bcb28446c2c4754d4174d97ad'
[    1.419161] Loaded X.509 cert 'Canonical Ltd. Live Patch Signing: 14df34d1a87cf37625abec039ef2bf521249b969'
[    1.422912] Loaded X.509 cert 'Canonical Ltd. Kernel Module Signing: 88f752e560a1e0737e31163a466ad7b70a850c19'
[    1.425702] blacklist: Loading compiled-in revocation X.509 certificates
[    1.427594] Loaded X.509 cert 'Canonical Ltd. Secure Boot Signing: 61482aa2830d0ab2ad5af10b7250da9033ddcef0'
[    1.431176] zswap: loaded using pool lzo/zbud
[    1.439499] Key type big_key registered
[    1.441044] Key type trusted registered
[    1.445241] Key type encrypted registered
[    1.446618] AppArmor: AppArmor sha1 policy hashing enabled
[    1.448317] ima: No TPM chip found, activating TPM-bypass! (rc=-19)
[    1.450296] ima: Allocated hash algorithm: sha1
[    1.451799] evm: HMAC attrs: 0x1
[    1.453512]   Magic number: 2:70:250
[    1.454926] rtc_cmos rtc_cmos: setting system clock to 2022-04-21 22:13:41 UTC (1650579221)
[    1.458544] BIOS EDD facility v0.16 2004-Jun-25, 0 devices found
[    1.460500] EDD information not available.
[    1.513511] Freeing unused kernel image memory: 2476K
[    1.524548] Write protecting the kernel read-only data: 20480k
[    1.531921] Freeing unused kernel image memory: 2008K
[    1.537641] Freeing unused kernel image memory: 1820K
[    1.571953] x86/mm: Checked W+X mappings: passed, no W+X pages found.
[    1.576231] x86/mm: Checking user space page tables
[    1.605452] x86/mm: Checked W+X mappings: passed, no W+X pages found.
Loading, please wait...
starting version 237
[    1.891977] Fusion MPT base driver 3.04.20
[    1.893865] Copyright (c) 1999-2008 LSI Corporation
[    1.911905] e1000: Intel(R) PRO/1000 Network Driver - version 7.3.21-k8-NAPI
[    1.915367] e1000: Copyright (c) 1999-2006 Intel Corporation.
[    1.949784] Fusion MPT SPI Host driver 3.04.20
[    1.955083] AVX2 version of gcm_enc/dec engaged.
[    1.957453] AES CTR mode by8 optimization enabled
[    2.153757] input: ImExPS/2 Generic Explorer Mouse as /devices/platform/i8042/serio1/input/input4
[    2.504175] e1000 0000:00:03.0 eth0: (PCI:33MHz:32-bit) 02:4d:90:b0:a6:cd
[    2.511257] e1000 0000:00:03.0 eth0: Intel(R) PRO/1000 Network Connection
[    2.522219] mptbase: ioc0: Initiating bringup
[    2.621517] ioc0: LSI53C1030 A0: Capabilities={Initiator}
[    2.872554] scsi host2: ioc0: LSI53C1030 A0, FwRev=00000000h, Ports=1, MaxQ=256, IRQ=20
[    3.051375] scsi 2:0:0:0: Direct-Access     VBOX     HARDDISK         1.0  PQ: 0 ANSI: 5
[    3.092545] scsi target2:0:0: Beginning Domain Validation
[    3.105386] scsi target2:0:0: Domain Validation skipping write tests
[    3.112107] scsi target2:0:0: Ending Domain Validation
[    3.118231] scsi target2:0:0: asynchronous
[    3.125242] scsi 2:0:1:0: Direct-Access     VBOX     HARDDISK         1.0  PQ: 0 ANSI: 5
[    3.480112] scsi target2:0:1: Beginning Domain Validation
[    3.484131] random: fast init done
[    3.488681] scsi target2:0:1: Domain Validation skipping write tests
[    3.492611] scsi target2:0:1: Ending Domain Validation
[    3.495892] scsi target2:0:1: asynchronous
[    3.509502] sd 2:0:0:0: Attached scsi generic sg0 type 0
[    3.512338] random: systemd-udevd: uninitialized urandom read (16 bytes read)
[    3.513281] sd 2:0:1:0: Attached scsi generic sg1 type 0
[    3.519327] sd 2:0:0:0: [sda] 83886080 512-byte logical blocks: (42.9 GB/40.0 GiB)
[    3.526758] random: systemd-udevd: uninitialized urandom read (16 bytes read)
[    3.531308] random: systemd-udevd: uninitialized urandom read (16 bytes read)
[    3.536142] sd 2:0:0:0: [sda] Write Protect is off
[    3.539474] sd 2:0:0:0: [sda] Incomplete mode parameter data
[    3.539633] sd 2:0:1:0: [sdb] 20480 512-byte logical blocks: (10.5 MB/10.0 MiB)
[    3.543446] sd 2:0:0:0: [sda] Assuming drive cache: write through
[    3.551742] sd 2:0:1:0: [sdb] Write Protect is off
[    3.555582] sd 2:0:1:0: [sdb] Incomplete mode parameter data
[    3.558958] sd 2:0:1:0: [sdb] Assuming drive cache: write through
[    3.570557] sd 2:0:1:0: [sdb] Attached SCSI disk
[    3.573110]  sda: sda1
[    3.578125] sd 2:0:0:0: [sda] Attached SCSI disk
[    3.750871] e1000 0000:00:08.0 eth1: (PCI:33MHz:32-bit) 08:00:27:4f:b6:64
[    3.754143] e1000 0000:00:08.0 eth1: Intel(R) PRO/1000 Network Connection
[    3.760919] e1000 0000:00:03.0 enp0s3: renamed from eth0
[    3.784482] e1000 0000:00:08.0 enp0s8: renamed from eth1
Begin: Loading essential drivers ... [    6.148157] raid6: sse2x1   gen()  3096 MB/s
[    6.196696] raid6: sse2x1   xor()  3033 MB/s
[    6.244609] raid6: sse2x2   gen()  5336 MB/s
[    6.292354] raid6: sse2x2   xor()  3894 MB/s
[    6.340164] raid6: sse2x4   gen()  6952 MB/s
[    6.388032] raid6: sse2x4   xor()  5049 MB/s
[    6.436830] raid6: avx2x1   gen() 15189 MB/s
[    6.484155] raid6: avx2x1   xor()  9035 MB/s
[    6.532439] raid6: avx2x2   gen() 15944 MB/s
[    6.580354] raid6: avx2x2   xor()  5994 MB/s
[    6.632051] raid6: avx2x4   gen()  7860 MB/s
[    6.680062] raid6: avx2x4   xor()  4788 MB/s
[    6.683477] raid6: using algorithm avx2x2 gen() 15944 MB/s
[    6.688289] raid6: .... xor() 5994 MB/s, rmw enabled
[    6.692870] raid6: using avx2x2 recovery algorithm
[    6.701505] xor: automatically using best checksumming function   avx       
[    6.712458] async_tx: api initialized (async)
done.
Begin: Running /scripts/init-premount ... done.
Begin: Mounting root file system ... Begin: Running /scripts/local-top ... done.
Begin: Running /scripts/local-premount ... [    6.896389] Btrfs loaded, crc32c=crc32c-intel
Scanning for Btrfs filesystems
done.
Warning: fsck not present, so skipping root file system
[    6.965245] EXT4-fs (sda1): mounted filesystem with ordered data mode. Opts: (null)
done.
Begin: Running /scripts/local-bottom ... done.
Begin: Running /scripts/init-bottom ... done.
[    7.352360] ip_tables: (C) 2000-2006 Netfilter Core Team
[    7.384158] systemd[1]: systemd 237 running in system mode. (+PAM +AUDIT +SELINUX +IMA +APPARMOR +SMACK +SYSVINIT +UTMP +LIBCRYPTSETUP +GCRYPT +GNUTLS +ACL +XZ +LZ4 +SECCOMP +BLKID +ELFUTILS +KMOD -IDN2 +IDN -PCRE2 default-hierarchy=hybrid)
[    7.401614] systemd[1]: Detected virtualization oracle.
[    7.405915] systemd[1]: Detected architecture x86-64.

Welcome to [1mUbuntu 18.04.6 LTS[0m!

[    7.429956] systemd[1]: Set hostname to <ubuntu>.
[    7.443717] systemd[1]: Initializing machine ID from random generator.
[    7.449357] systemd[1]: Installed transient /etc/machine-id file.
[    7.920254] systemd[1]: Created slice System Slice.
[[0;32m  OK  [0m] Created slice System Slice.
[    7.926141] systemd[1]: Listening on Journal Socket (/dev/log).
[[0;32m  OK  [0m] Listening on Journal Socket (/dev/log).
[    7.934873] systemd[1]: Listening on udev Kernel Socket.
[[0;32m  OK  [0m] Listening on udev Kernel Socket.
[    7.941228] systemd[1]: Listening on Journal Audit Socket.
[[0;32m  OK  [0m] Listening on Journal Audit Socket.
[[0;32m  OK  [0m] Created slice User and Session Slice.
[[0;32m  OK  [0m] Listening on Network Service Netlink Socket.
[[0;32m  OK  [0m] Created slice system-serial\x2dgetty.slice.
[[0;32m  OK  [0m] Set up automount Arbitrary Executabâ€¦rmats File System Automount Point.
[[0;32m  OK  [0m] Listening on Syslog Socket.
[[0;32m  OK  [0m] Reached target System Time Synchronized.
[[0;32m  OK  [0m] Reached target User and Group Name Lookups.
[[0;32m  OK  [0m] Listening on Journal Socket.
         Starting Create list of required stâ€¦ce nodes for the current kernel...
         Starting Load Kernel Modules...
         Mounting POSIX Message Queue File System...
         Starting Set the console keyboard layout...
         Starting Uncomplicated firewall...
[    8.087641] Loading iSCSI transport class v2.0-870.
         Starting Journal Service...
         Mounting Kernel Debug File System...
[[0;32m  OK  [0m] Listening on fsck to fsckd communication Socket.
         Starting File System Check on Root Device...
[[0;32m  OK  [0m] Reached target Swap.
[[0;32m  OK  [0m] Listening on /dev/initctl Compatibility Named Pipe.
[    8.154955] iscsi: registered transport (tcp)
[[0;32m  OK  [0m] Listening on LVM2 metadata daemon socket.
[[0;32m  OK  [0m] Started Forward Password Requests to Wall Directory Watch.
[[0;32m  OK  [0m] Listening on LVM2 poll daemon socket.
         Mounting Huge Pages File System...
[[0;32m  OK  [0m] Listening on udev Control Socket.
         Starting udev Coldplug all Devices...
[[0;32m  OK  [0m] Listening on Device-mapper event daemon FIFOs.
         Starting Monitoring of LVM2 mirrorsâ€¦ng dmeventd or progress polling...
[[0;32m  OK  [0m] Reached target Slices.
[[0;32m  OK  [0m] Started Create list of required staâ€¦vice nodes for the current kernel.
[[0;32m  OK  [0m] Mounted POSIX Message Queue File System.
[[0;32m  OK  [0m] Started Uncomplicated firewall.
[[0;32m  OK  [0m] Mounted Kernel Debug File System.
[[0;32m  OK  [0m] Mounted Huge Pages File System.
[[0;32m  OK  [0m] Started File System Check Daemon to report status.
         Starting Create Static Device Nodes in /dev...
[[0;32m  OK  [0m] Started LVM2 metadata daemon.
[[0;32m  OK  [0m] Started File System Check on Root Device.
         Starting Remount Root and Kernel File Systems...
[[0;32m  OK  [0m] Started Journal Service.
[[0;32m  OK  [0m] Started Create Static Device Nodes in /dev.
[[0;32m  OK  [0m] Started udev Coldplug all Devices.
[    8.441046] iscsi: registered transport (iser)
[[0;32m  OK  [0m] Started Load Kernel Modules.
         Mounting FUSE Control File System...
[    8.455114] EXT4-fs (sda1): re-mounted. Opts: (null)
         Mounting Kernel Configuration File System...
         Starting Apply Kernel Variables...
[[0;32m  OK  [0m] Started Monitoring of LVM2 mirrors,â€¦sing dmeventd or progress polling.
[[0;32m  OK  [0m] Started Remount Root and Kernel File Systems.
[[0;32m  OK  [0m] Mounted FUSE Control File System.
[[0;32m  OK  [0m] Mounted Kernel Configuration File System.
         Starting Flush Journal to Persistent Storage...
         Starting udev Kernel Device Manager...
         Starting Load/Save Random Seed...
[[0;32m  OK  [0m] Started Apply Kernel Variables.
[[0;32m  OK  [0m] Started udev Kernel Device Manager.
[[0;32m  OK  [0m] Started Load/Save Random Seed.
[[0;32m  OK  [0m] Started Flush Journal to Persistent Storage.
[[0;32m  OK  [0m] Found device /dev/ttyS0.
[[0;32m  OK  [0m] Listening on Load/Save RF Kill Switch Status /dev/rfkill Watch.
[[0;32m  OK  [0m] Started Set the console keyboard layout.
[[0;32m  OK  [0m] Started Dispatch Password Requests to Console Directory Watch.
[[0;32m  OK  [0m] Reached target Local Encrypted Volumes.
[[0;32m  OK  [0m] Reached target Local File Systems (Pre).
[[0;32m  OK  [0m] Reached target Local File Systems.
         Starting Commit a transient machine-id on disk...
         Starting Create Volatile Files and Directories...
         Starting ebtables ruleset management...
         Starting Tell Plymouth To Write Out Runtime Data...
         Starting Set console font and keymap...
         Starting AppArmor initialization...
[[0;32m  OK  [0m] Started Tell Plymouth To Write Out Runtime Data.
[[0;32m  OK  [0m] Started Create Volatile Files and Directories.
[[0;32m  OK  [0m] Started Set console font and keymap.
         Starting Update UTMP about System Boot/Shutdown...
[[0;32m  OK  [0m] Started Update UTMP about System Boot/Shutdown.
[[0;32m  OK  [0m] Started Commit a transient machine-id on disk.
[[0;32m  OK  [0m] Started ebtables ruleset management.
[[0;32m  OK  [0m] Started AppArmor initialization.
         Starting Load AppArmor profiles managed internally by snapd...
         Starting Initial cloud-init job (pre-networking)...
[[0;32m  OK  [0m] Started Load AppArmor profiles managed internally by snapd.
[   16.744385] cloud-init[643]: Cloud-init v. 21.4-0ubuntu1~18.04.1 running 'init-local' at Thu, 21 Apr 2022 22:13:55 +0000. Up 15.60 seconds.
[[0;32m  OK  [0m] Started Initial cloud-init job (pre-networking).
[[0;32m  OK  [0m] Reached target Network (Pre).
         Starting Network Service...
[[0;32m  OK  [0m] Started Network Service.
         Starting Wait for Network to be Configured...
         Starting Network Name Resolution...
[[0;32m  OK  [0m] Started Network Name Resolution.
[[0;32m  OK  [0m] Reached target Network.
[[0;32m  OK  [0m] Reached target Host and Network Name Lookups.
[[0;32m  OK  [0m] Started Wait for Network to be Configured.
         Starting Initial cloud-init job (metadata service crawler)...
[   20.438724] cloud-init[746]: Cloud-init v. 21.4-0ubuntu1~18.04.1 running 'init' at Thu, 21 Apr 2022 22:14:00 +0000. Up 20.04 seconds.
[   20.452428] cloud-init[746]: ci-info: ++++++++++++++++++++++++++++++++++++++Net device info+++++++++++++++++++++++++++++++++++++++
[   20.455714] cloud-init[746]: ci-info: +--------+-------+----------------------------+---------------+--------+-------------------+
[   20.458755] cloud-init[746]: ci-info: | Device |   Up  |          Address           |      Mask     | Scope  |     Hw-Address    |
[   20.461278] cloud-init[746]: ci-info: +--------+-------+----------------------------+---------------+--------+-------------------+
[   20.476234] cloud-init[746]: ci-info: | enp0s3 |  True |         10.0.2.15          | 255.255.255.0 | global | 02:4d:90:b0:a6:cd |
[   20.489101] cloud-init[746]: ci-info: | enp0s3 |  True | fe80::4d:90ff:feb0:a6cd/64 |       .       |  link  | 02:4d:90:b0:a6:cd |
[   20.504714] cloud-init[746]: ci-info: | enp0s8 | False |             .              |       .       |   .    | 08:00:27:4f:b6:64 |
[   20.507722] cloud-init[746]: ci-info: |   lo   |  True |         127.0.0.1          |   255.0.0.0   |  host  |         .         |
[   20.509768] cloud-init[746]: ci-info: |   lo   |  True |          ::1/128           |       .       |  host  |         .         |
[   20.512434] cloud-init[746]: ci-info: +--------+-------+----------------------------+---------------+--------+-------------------+
[   20.515313] cloud-init[746]: ci-info: ++++++++++++++++++++++++++++Route IPv4 info+++++++++++++++++++++++++++++
[   20.517361] cloud-init[746]: ci-info: +-------+-------------+----------+-----------------+-----------+-------+
[   20.520094] cloud-init[746]: ci-info: | Route | Destination | Gateway  |     Genmask     | Interface | Flags |
[   20.532573] cloud-init[746]: ci-info: +-------+-------------+----------+-----------------+-----------+-------+
[   20.534875] cloud-init[746]: ci-info: |   0   |   0.0.0.0   | 10.0.2.2 |     0.0.0.0     |   enp0s3  |   UG  |
[   20.548251] cloud-init[746]: ci-info: |   1   |   10.0.2.0  | 0.0.0.0  |  255.255.255.0  |   enp0s3  |   U   |
[   20.560199] cloud-init[746]: ci-info: |   2   |   10.0.2.2  | 0.0.0.0  | 255.255.255.255 |   enp0s3  |   UH  |
[   20.562809] cloud-init[746]: ci-info: +-------+-------------+----------+-----------------+-----------+-------+
[   20.565729] cloud-init[746]: ci-info: +++++++++++++++++++Route IPv6 info+++++++++++++++++++
[   20.567501] cloud-init[746]: ci-info: +-------+-------------+---------+-----------+-------+
[   20.569832] cloud-init[746]: ci-info: | Route | Destination | Gateway | Interface | Flags |
[   20.572156] cloud-init[746]: ci-info: +-------+-------------+---------+-----------+-------+
[   20.574986] cloud-init[746]: ci-info: |   1   |  fe80::/64  |    ::   |   enp0s3  |   U   |
[   20.577181] cloud-init[746]: ci-info: |   3   |    local    |    ::   |   enp0s3  |   U   |
[   20.579345] cloud-init[746]: ci-info: |   4   |   ff00::/8  |    ::   |   enp0s3  |   U   |
[   20.581568] cloud-init[746]: ci-info: +-------+-------------+---------+-----------+-------+
[   22.738810] cloud-init[746]: Generating public/private rsa key pair.
[   22.742623] cloud-init[746]: Your identification has been saved in /etc/ssh/ssh_host_rsa_key.
[   22.746413] cloud-init[746]: Your public key has been saved in /etc/ssh/ssh_host_rsa_key.pub.
[   22.749427] cloud-init[746]: The key fingerprint is:
[   22.750813] cloud-init[746]: SHA256:QYxJs7uKzYjMNK3kmESYHDFxM90Xqq7w1ofb451QArY root@ubuntu-bionic
[   22.753998] cloud-init[746]: The key's randomart image is:
[   22.755312] cloud-init[746]: +---[RSA 2048]----+
[   22.756908] cloud-init[746]: | +.+..++...      |
[   22.758293] cloud-init[746]: |  + o.o=o.       |
[   22.759898] cloud-init[746]: | .   o..o        |
[   22.761599] cloud-init[746]: |o.. . +. .       |
[   22.763167] cloud-init[746]: |oo   E..S.       |
[   22.764743] cloud-init[746]: |. . .  .o        |
[   22.766043] cloud-init[746]: | * ...o.         |
[   22.767317] cloud-init[746]: |Oo=*.+.oo .      |
[   22.768678] cloud-init[746]: |+=+o+.+o.o       |
[   22.770275] cloud-init[746]: +----[SHA256]-----+
[   22.772449] cloud-init[746]: Generating public/private dsa key pair.
[   22.774056] cloud-init[746]: Your identification has been saved in /etc/ssh/ssh_host_dsa_key.
[   22.776708] cloud-init[746]: Your public key has been saved in /etc/ssh/ssh_host_dsa_key.pub.
[   22.779696] cloud-init[746]: The key fingerprint is:
[   22.782003] cloud-init[746]: SHA256:iIwNbTVTmY8QBtOi16VmkFmBgTz0aXVRcJSYJZZ95ts root@ubuntu-bionic
[   22.786301] cloud-init[746]: The key's randomart image is:
[   22.790069] cloud-init[746]: +---[DSA 1024]----+
[   22.791687] cloud-init[746]: | o..+OX+B&=.     |
[   22.793025] cloud-init[746]: |  +o**o=Boo o    |
[   22.794401] cloud-init[746]: |  .o*+ + o +     |
[   22.795636] cloud-init[746]: |  .B..=.. . .    |
[   22.797077] cloud-init[746]: |  ..+o. S    o   |
[   22.798765] cloud-init[746]: |            . E  |
[   22.800645] cloud-init[746]: |                 |
[   22.802503] cloud-init[746]: |                 |
[   22.807174] cloud-init[746]: |                 |
[   22.808613] cloud-init[746]: +----[SHA256]-----+
[   22.809655] cloud-init[746]: Generating public/private ecdsa key pair.
[   22.812036] cloud-init[746]: Your identification has been saved in /etc/ssh/ssh_host_ecdsa_key.
[   22.814423] cloud-init[746]: Your public key has been saved in /etc/ssh/ssh_host_ecdsa_key.pub.
[   22.817169] cloud-init[746]: The key fingerprint is:
[   22.819214] cloud-init[746]: SHA256:bmfcW2H3mr3Nimc4C2VJzcPCF1BwwScl510bSdi3GzU root@ubuntu-bionic
[   22.823039] cloud-init[746]: The key's randomart image is:
[   22.824815] cloud-init[746]: +---[ECDSA 256]---+
[   22.826260] cloud-init[746]: |            o=X==|
[   22.827671] cloud-init[746]: |           . *oEO|
[   22.829236] cloud-init[746]: |            + *+B|
[   22.830611] cloud-init[746]: |           . + + |
[   22.832228] cloud-init[746]: |        S   + o +|
[   22.833775] cloud-init[746]: |       . . + . +.|
[   22.835621] cloud-init[746]: |        o = ... .|
[   22.838329] cloud-init[746]: |       . o .o+o=.|
[   22.840268] cloud-init[746]: |            +=+o=|
[   22.841783] cloud-init[746]: +----[SHA256]-----+
[   22.843156] cloud-init[746]: Generating public/private ed25519 key pair.
[   22.845542] cloud-init[746]: Your identification has been saved in /etc/ssh/ssh_host_ed25519_key.
[   22.848233] cloud-init[746]: Your public key has been saved in /etc/ssh/ssh_host_ed25519_key.pub.
[   22.850964] cloud-init[746]: The key fingerprint is:
[   22.852476] cloud-init[746]: SHA256:geMDtIr1r3g1KJ3wagH+FVs53EsUG+gH+8abkoeDoas root@ubuntu-bionic
[   22.868269] cloud-init[746]: The key's randomart image is:
[   22.880380] cloud-init[746]: +--[ED25519 256]--+
[   22.881449] cloud-init[746]: |    .   .o.      |
[   22.882447] cloud-init[746]: |   . . + .o      |
[   22.883685] cloud-init[746]: |  . o = B.       |
[   22.884920] cloud-init[746]: |.o.o + O =       |
[   22.885924] cloud-init[746]: |o..+.o* S .      |
[   22.887299] cloud-init[746]: | .o ==o. =       |
[   22.900406] cloud-init[746]: |  .+o.+.+ o      |
[   22.902034] cloud-init[746]: |  o+.o = +       |
[   22.903678] cloud-init[746]: | Eooo   +        |
[   22.906039] cloud-init[746]: +----[SHA256]-----+
[[0;32m  OK  [0m] Started Initial cloud-init job (metadata service crawler).
[[0;32m  OK  [0m] Reached target Network is Online.
[[0;32m  OK  [0m] Reached target Remote File Systems (Pre).
[[0;32m  OK  [0m] Reached target Remote File Systems.
         Starting Availability of block devices...
[[0;32m  OK  [0m] Reached target Cloud-config availability.
[[0;32m  OK  [0m] Reached target System Initialization.
[[0;32m  OK  [0m] Started Discard unused blocks once a week.
[[0;32m  OK  [0m] Listening on Open-iSCSI iscsid Socket.
         Starting LXD - unix socket.
         Starting Socket activation for snappy daemon.
[[0;32m  OK  [0m] Listening on cloud-init hotplug hook socket.
[[0;32m  OK  [0m] Started Daily Cleanup of Temporary Directories.
[[0;32m  OK  [0m] Started Trigger to poll for Ubuntu â€¦(Only enabled on GCP LTS non-pro).
[[0;32m  OK  [0m] Started Message of the Day.
[[0;32m  OK  [0m] Listening on UUID daemon activation socket.
[[0;32m  OK  [0m] Started ACPI Events Check.
[[0;32m  OK  [0m] Reached target Paths.
[[0;32m  OK  [0m] Listening on D-Bus System Message Bus Socket.
[[0;32m  OK  [0m] Started Ubuntu Advantage Timer for running repeated jobs.
[[0;32m  OK  [0m] Started Daily apt download activities.
[[0;32m  OK  [0m] Started Daily apt upgrade and clean activities.
[[0;32m  OK  [0m] Reached target Timers.
[[0;32m  OK  [0m] Listening on ACPID Listen Socket.
[[0;32m  OK  [0m] Started Availability of block devices.
[[0;32m  OK  [0m] Listening on LXD - unix socket.
[[0;32m  OK  [0m] Listening on Socket activation for snappy daemon.
[[0;32m  OK  [0m] Reached target Sockets.
[[0;32m  OK  [0m] Reached target Basic System.
         Starting Accounts Service...
         Starting Login Service...
[[0;32m  OK  [0m] Started FUSE filesystem for LXC.
         Starting System Logging Service...
[[0;32m  OK  [0m] Started D-Bus System Message Bus.
[[0;32m  OK  [0m] Started irqbalance daemon.
[[0;32m  OK  [0m] Started Deferred execution scheduler.
[[0;32m  OK  [0m] Started Regular background program processing daemon.
         Starting LSB: Record successful boot for GRUB...
         Starting Virtualbox guest utils...
         Starting LSB: automatic crash report generation...
         Starting Permit User Sessions...
         Starting Dispatcher daemon for systemd-networkd...
         Starting Snap Daemon...
         Starting Pollinate to seed the pseudo random number generator...
         Starting LXD - container startup/shutdown...
[[0;32m  OK  [0m] Started System Logging Service.
[[0;32m  OK  [0m] Started Permit User Sessions.
[[0;32m  OK  [0m] Started Login Service.
[[0;32m  OK  [0m] Started Unattended Upgrades Shutdown.
         Starting Authorization Manager...
         Starting Hold until boot process finishes up...
         Starting Terminate Plymouth Boot Screen...
[[0;32m  OK  [0m] Started Hold until boot process finishes up.
         Starting Set console scheme...
[[0;32m  OK  [0m] Started Serial Getty on ttyS0.
[[0;32m  OK  [0m] Started Terminate Plymouth Boot Screen.
[[0;32m  OK  [0m] Started LSB: Record successful boot for GRUB.
[[0;32m  OK  [0m] Started Set console scheme.
[[0;32m  OK  [0m] Created slice system-getty.slice.
[[0;32m  OK  [0m] Started Getty on tty1.
[[0;32m  OK  [0m] Reached target Login Prompts.
[[0;32m  OK  [0m] Started LSB: automatic crash report generation.
[[0;32m  OK  [0m] Started Authorization Manager.
[[0;32m  OK  [0m] Started Accounts Service.
[[0;32m  OK  [0m] Started Virtualbox guest utils.
[[0;32m  OK  [0m] Started LXD - container startup/shutdown.
[[0;32m  OK  [0m] Started Dispatcher daemon for systemd-networkd.
[[0;32m  OK  [0m] Started Snap Daemon.
         Starting Wait until snapd is fully seeded...
         Starting Time & Date Service...
[[0;32m  OK  [0m] Started Time & Date Service.
[[0;32m  OK  [0m] Started Pollinate to seed the pseudo random number generator.
         Starting OpenBSD Secure Shell server...
[[0;32m  OK  [0m] Started OpenBSD Secure Shell server.
[[0;32m  OK  [0m] Started Wait until snapd is fully seeded.
[[0;32m  OK  [0m] Reached target Multi-User System.
[[0;32m  OK  [0m] Reached target Graphical Interface.
         Starting Update UTMP about System Runlevel Changes...
         Starting Apply the settings specified in cloud-config...
[[0;32m  OK  [0m] Started Update UTMP about System Runlevel Changes.
[[0;32m  OK  [0m] Created slice User Slice of vagrant.
         Starting User Manager for UID 1000...
[[0;32m  OK  [0m] Started Session 1 of user vagrant.
[[0;32m  OK  [0m] Started User Manager for UID 1000.
[   29.412926] cloud-init[1201]: Cloud-init v. 21.4-0ubuntu1~18.04.1 running 'modules:config' at Thu, 21 Apr 2022 22:14:07 +0000. Up 27.92 seconds.

Ubuntu 18.04.6 LTS ubuntu-bionic ttyS0

ubuntu-bionic login: ci-info: no authorized SSH keys fingerprints found for user ubuntu.
<14>Apr 21 22:14:11 cloud-init: #############################################################
<14>Apr 21 22:14:11 cloud-init: -----BEGIN SSH HOST KEY FINGERPRINTS-----
<14>Apr 21 22:14:11 cloud-init: 1024 SHA256:iIwNbTVTmY8QBtOi16VmkFmBgTz0aXVRcJSYJZZ95ts root@ubuntu-bionic (DSA)
<14>Apr 21 22:14:11 cloud-init: 256 SHA256:bmfcW2H3mr3Nimc4C2VJzcPCF1BwwScl510bSdi3GzU root@ubuntu-bionic (ECDSA)
<14>Apr 21 22:14:11 cloud-init: 256 SHA256:geMDtIr1r3g1KJ3wagH+FVs53EsUG+gH+8abkoeDoas root@ubuntu-bionic (ED25519)
<14>Apr 21 22:14:11 cloud-init: 2048 SHA256:QYxJs7uKzYjMNK3kmESYHDFxM90Xqq7w1ofb451QArY root@ubuntu-bionic (RSA)
<14>Apr 21 22:14:11 cloud-init: -----END SSH HOST KEY FINGERPRINTS-----
<14>Apr 21 22:14:11 cloud-init: #############################################################
-----BEGIN SSH HOST KEY KEYS-----
ecdsa-sha2-nistp256 AAAAE2VjZHNhLXNoYTItbmlzdHAyNTYAAAAIbmlzdHAyNTYAAABBBEG1I522E+2a6yo0H2ZR4Ndf7g3e6JNGXHnGZT2ca62N7d2quSX2LpSawLHj67mxPv9MN2GVIqjOWq+6nqplLPk= root@ubuntu-bionic
ssh-ed25519 AAAAC3NzaC1lZDI1NTE5AAAAIOJ1BvnJ28Y4f8fI6cGjp2itDxVUnUWEtr64gw8qDfjo root@ubuntu-bionic
ssh-rsa AAAAB3NzaC1yc2EAAAADAQABAAABAQC/2x7Z/FBm34AAfy9dUloMfAwCwGJE/129ChxROGkYuoKBiQKiIAIBv1+2dkFS+jVhOKHUJ/Ge/Mw09DzIfAtKXitTPPh3CoZU6uZta+CAGFzsPeBRF+aM9QcPGwQjxBu75mUEjOAm8iJTqaNV7WH30g4lQt7Xi3QfyUsMGfyB7oDffrIBBm+hYQiHOvGBgnIENCHMXdJoRzi2HJlds4J9oZqFhD0/ZqLdRd9LK7QASp+3vxh+9JA4GCBa4WaBs2ucD6A0h0mhycZfRaO/Z55Ml5zgCSKFW02RLEG+/SXMEPWHlQG0TF17yA0ers7Eg+5KW2R+8jssh8Ctqu04pP2P root@ubuntu-bionic
-----END SSH HOST KEY KEYS-----
[   31.513516] cloud-init[1307]: Cloud-init v. 21.4-0ubuntu1~18.04.1 running 'modules:final' at Thu, 21 Apr 2022 22:14:10 +0000. Up 30.88 seconds.
[   31.518893] cloud-init[1307]: ci-info: no authorized SSH keys fingerprints found for user ubuntu.
[   31.524790] cloud-init[1307]: Cloud-init v. 21.4-0ubuntu1~18.04.1 finished at Thu, 21 Apr 2022 22:14:11 +0000. Datasource DataSourceNoCloud [seed=/dev/sdb][dsmode=net].  Up 31.47 seconds
